2026-09-02 09:10:30,974 - INFO - Début d'exécution : scraper.py
2026-09-02 09:10:31,022 - INFO - Succès : scraper.py
2026-09-02 09:10:31,023 - INFO - Début d'exécution : transform.py
2026-09-02 09:10:31,069 - INFO - Succès : transform.py
2026-09-02 09:10:31,069 - INFO - Début d'exécution : quality_check.py
2026-09-02 09:10:31,119 - ERROR - Erreur dans quality_check.py: python: can't open file 'C:\\Users\\Hazem\\Desktop\\football_analytics_project\\scripts\\quality_check.py': [Errno 2] No such file or directory

2026-09-02 16:58:07,013 - INFO - Début d'exécution du script : scraper.py
2026-09-02 16:58:13,370 - INFO - Succès : scraper.py
2026-09-02 16:58:13,370 - INFO - Début d'exécution du script : transform.py
2026-09-02 16:58:14,204 - INFO - Succès : transform.py
2026-09-02 16:58:14,204 - INFO - Début d'exécution du script : quality_check.py
2026-09-02 16:58:14,653 - ERROR - Échec dans quality_check.py: 
2026-09-02 16:58:14,653 - CRITICAL - Pipeline failed: Pipeline interrompu sur l'étape quality_check.py
2026-09-02 17:01:28,011 - INFO - Début d'exécution du script : scraper.py
2026-09-02 17:01:28,259 - INFO - Succès : scraper.py
2026-09-02 17:01:28,259 - INFO - Début d'exécution du script : transform.py
2026-09-02 17:01:28,728 - INFO - Succès : transform.py
2026-09-02 17:01:28,728 - INFO - Début d'exécution du script : quality_check.py
2026-09-02 17:01:29,165 - ERROR - Échec dans quality_check.py: 
2026-09-02 17:01:29,165 - CRITICAL - Pipeline failed: Pipeline interrompu sur l'étape quality_check.py
2026-09-02 17:05:07,819 - INFO - Début d'exécution du script : scraper.py
2026-09-02 17:05:40,179 - INFO - Succès : scraper.py
2026-09-02 17:05:40,179 - INFO - Début d'exécution du script : transform.py
2026-09-02 17:05:40,832 - INFO - Succès : transform.py
2026-09-02 17:05:40,832 - INFO - Début d'exécution du script : quality_check.py
2026-09-02 17:05:41,330 - INFO - Succès : quality_check.py
2026-09-02 17:05:41,330 - INFO - Début d'exécution du script : load_to_postgres.py
2026-09-02 17:05:42,098 - ERROR - Échec dans load_to_postgres.py: Traceback (most recent call last):
  File "C:\Users\Hazem\Desktop\football_analytics_project\scripts\load_to_postgres.py", line 132, in <module>
    init_db_schema()
    ~~~~~~~~~~~~~~^^
  File "C:\Users\Hazem\Desktop\football_analytics_project\scripts\load_to_postgres.py", line 80, in init_db_schema
    with engine.begin() as conn:
         ~~~~~~~~~~~~^^
  File "C:\Users\Hazem\AppData\Local\Programs\Python\Python314\Lib\contextlib.py", line 141, in __enter__
    return next(self.gen)
  File "C:\Users\Hazem\AppData\Local\Programs\Python\Python314\Lib\site-packages\sqlalchemy\engine\base.py", line 3259, in begin
    with self.connect() as conn:
         ~~~~~~~~~~~~^^
  File "C:\Users\Hazem\AppData\Local\Programs\Python\Python314\Lib\site-packages\sqlalchemy\engine\base.py", line 3295, in connect
    return self._connection_cls(self)
           ~~~~~~~~~~~~~~~~~~~~^^^^^^
  File "C:\Users\Hazem\AppData\Local\Programs\Python\Python314\Lib\site-packages\sqlalchemy\engine\base.py", line 144, in __init__
    self._dbapi_connection = engine.raw_connection()
                             ~~~~~~~~~~~~~~~~~~~~~^^
  File "C:\Users\Hazem\AppData\Local\Programs\Python\Python314\Lib\site-packages\sqlalchemy\engine\base.py", line 3319, in raw_connection
    return self.pool.connect()
           ~~~~~~~~~~~~~~~~~^^
  File "C:\Users\Hazem\AppData\Local\Programs\Python\Python314\Lib\site-packages\sqlalchemy\pool\base.py", line 448, in connect
    return _ConnectionFairy._checkout(self)
           ~~~~~~~~~~~~~~~~~~~~~~~~~~^^^^^^
  File "C:\Users\Hazem\AppData\Local\Programs\Python\Python314\Lib\site-packages\sqlalchemy\pool\base.py", line 1272, in _checkout
    fairy = _ConnectionRecord.checkout(pool)
  File "C:\Users\Hazem\AppData\Local\Programs\Python\Python314\Lib\site-packages\sqlalchemy\pool\base.py", line 712, in checkout
    rec = pool._do_get()
  File "C:\Users\Hazem\AppData\Local\Programs\Python\Python314\Lib\site-packages\sqlalchemy\pool\impl.py", line 178, in _do_get
    with util.safe_reraise():
         ~~~~~~~~~~~~~~~~~^^
  File "C:\Users\Hazem\AppData\Local\Programs\Python\Python314\Lib\site-packages\sqlalchemy\util\langhelpers.py", line 122, in __exit__
    raise exc_value.with_traceback(exc_tb)
  File "C:\Users\Hazem\AppData\Local\Programs\Python\Python314\Lib\site-packages\sqlalchemy\pool\impl.py", line 176, in _do_get
    return self._create_connection()
           ~~~~~~~~~~~~~~~~~~~~~~~^^
  File "C:\Users\Hazem\AppData\Local\Programs\Python\Python314\Lib\site-packages\sqlalchemy\pool\base.py", line 389, in _create_connection
    return _ConnectionRecord(self)
  File "C:\Users\Hazem\AppData\Local\Programs\Python\Python314\Lib\site-packages\sqlalchemy\pool\base.py", line 674, in __init__
    self.__connect()
    ~~~~~~~~~~~~~~^^
  File "C:\Users\Hazem\AppData\Local\Programs\Python\Python314\Lib\site-packages\sqlalchemy\pool\base.py", line 900, in __connect
    with util.safe_reraise():
         ~~~~~~~~~~~~~~~~~^^
  File "C:\Users\Hazem\AppData\Local\Programs\Python\Python314\Lib\site-packages\sqlalchemy\util\langhelpers.py", line 122, in __exit__
    raise exc_value.with_traceback(exc_tb)
  File "C:\Users\Hazem\AppData\Local\Programs\Python\Python314\Lib\site-packages\sqlalchemy\pool\base.py", line 896, in __connect
    self.dbapi_connection = connection = pool._invoke_creator(self)
                                         ~~~~~~~~~~~~~~~~~~~~^^^^^^
  File "C:\Users\Hazem\AppData\Local\Programs\Python\Python314\Lib\site-packages\sqlalchemy\engine\create.py", line 667, in connect
    return dialect.connect(*cargs_tup, **cparams)
           ~~~~~~~~~~~~~~~^^^^^^^^^^^^^^^^^^^^^^^
  File "C:\Users\Hazem\AppData\Local\Programs\Python\Python314\Lib\site-packages\sqlalchemy\engine\default.py", line 630, in connect
    return self.loaded_dbapi.connect(*cargs, **cparams)  # type: ignore[no-any-return]  # NOQA: E501
           ~~~~~~~~~~~~~~~~~~~~~~~~~^^^^^^^^^^^^^^^^^^^
  File "C:\Users\Hazem\AppData\Local\Programs\Python\Python314\Lib\site-packages\psycopg2\__init__.py", line 135, in connect
    conn = _connect(dsn, connection_factory=connection_factory, **kwasync)
UnicodeDecodeError: 'utf-8' codec can't decode byte 0xe9 in position 103: invalid continuation byte

2026-09-02 17:05:42,099 - CRITICAL - Pipeline failed: Pipeline interrompu sur l'étape load_to_postgres.py
2026-09-02 17:09:32,941 - INFO - Début d'exécution du script : scraper.py
2026-09-02 17:10:32,382 - INFO - Succès : scraper.py
2026-09-02 17:10:32,382 - INFO - Début d'exécution du script : transform.py
2026-09-02 17:10:33,103 - INFO - Succès : transform.py
2026-09-02 17:10:33,104 - INFO - Début d'exécution du script : quality_check.py
2026-09-02 17:10:33,606 - INFO - Succès : quality_check.py
2026-09-02 17:10:33,607 - INFO - Début d'exécution du script : load_to_postgres.py
2026-09-02 17:10:34,272 - ERROR - Échec dans load_to_postgres.py: Traceback (most recent call last):
  File "C:\Users\Hazem\Desktop\football_analytics_project\scripts\load_to_postgres.py", line 161, in <module>
    init_db_schema()
    ~~~~~~~~~~~~~~^^
  File "C:\Users\Hazem\Desktop\football_analytics_project\scripts\load_to_postgres.py", line 80, in init_db_schema
    with engine.begin() as conn:
         ~~~~~~~~~~~~^^
  File "C:\Users\Hazem\AppData\Local\Programs\Python\Python314\Lib\contextlib.py", line 141, in __enter__
    return next(self.gen)
  File "C:\Users\Hazem\AppData\Local\Programs\Python\Python314\Lib\site-packages\sqlalchemy\engine\base.py", line 3259, in begin
    with self.connect() as conn:
         ~~~~~~~~~~~~^^
  File "C:\Users\Hazem\AppData\Local\Programs\Python\Python314\Lib\site-packages\sqlalchemy\engine\base.py", line 3295, in connect
    return self._connection_cls(self)
           ~~~~~~~~~~~~~~~~~~~~^^^^^^
  File "C:\Users\Hazem\AppData\Local\Programs\Python\Python314\Lib\site-packages\sqlalchemy\engine\base.py", line 144, in __init__
    self._dbapi_connection = engine.raw_connection()
                             ~~~~~~~~~~~~~~~~~~~~~^^
  File "C:\Users\Hazem\AppData\Local\Programs\Python\Python314\Lib\site-packages\sqlalchemy\engine\base.py", line 3319, in raw_connection
    return self.pool.connect()
           ~~~~~~~~~~~~~~~~~^^
  File "C:\Users\Hazem\AppData\Local\Programs\Python\Python314\Lib\site-packages\sqlalchemy\pool\base.py", line 448, in connect
    return _ConnectionFairy._checkout(self)
           ~~~~~~~~~~~~~~~~~~~~~~~~~~^^^^^^
  File "C:\Users\Hazem\AppData\Local\Programs\Python\Python314\Lib\site-packages\sqlalchemy\pool\base.py", line 1272, in _checkout
    fairy = _ConnectionRecord.checkout(pool)
  File "C:\Users\Hazem\AppData\Local\Programs\Python\Python314\Lib\site-packages\sqlalchemy\pool\base.py", line 712, in checkout
    rec = pool._do_get()
  File "C:\Users\Hazem\AppData\Local\Programs\Python\Python314\Lib\site-packages\sqlalchemy\pool\impl.py", line 178, in _do_get
    with util.safe_reraise():
         ~~~~~~~~~~~~~~~~~^^
  File "C:\Users\Hazem\AppData\Local\Programs\Python\Python314\Lib\site-packages\sqlalchemy\util\langhelpers.py", line 122, in __exit__
    raise exc_value.with_traceback(exc_tb)
  File "C:\Users\Hazem\AppData\Local\Programs\Python\Python314\Lib\site-packages\sqlalchemy\pool\impl.py", line 176, in _do_get
    return self._create_connection()
           ~~~~~~~~~~~~~~~~~~~~~~~^^
  File "C:\Users\Hazem\AppData\Local\Programs\Python\Python314\Lib\site-packages\sqlalchemy\pool\base.py", line 389, in _create_connection
    return _ConnectionRecord(self)
  File "C:\Users\Hazem\AppData\Local\Programs\Python\Python314\Lib\site-packages\sqlalchemy\pool\base.py", line 674, in __init__
    self.__connect()
    ~~~~~~~~~~~~~~^^
  File "C:\Users\Hazem\AppData\Local\Programs\Python\Python314\Lib\site-packages\sqlalchemy\pool\base.py", line 900, in __connect
    with util.safe_reraise():
         ~~~~~~~~~~~~~~~~~^^
  File "C:\Users\Hazem\AppData\Local\Programs\Python\Python314\Lib\site-packages\sqlalchemy\util\langhelpers.py", line 122, in __exit__
    raise exc_value.with_traceback(exc_tb)
  File "C:\Users\Hazem\AppData\Local\Programs\Python\Python314\Lib\site-packages\sqlalchemy\pool\base.py", line 896, in __connect
    self.dbapi_connection = connection = pool._invoke_creator(self)
                                         ~~~~~~~~~~~~~~~~~~~~^^^^^^
  File "C:\Users\Hazem\AppData\Local\Programs\Python\Python314\Lib\site-packages\sqlalchemy\engine\create.py", line 667, in connect
    return dialect.connect(*cargs_tup, **cparams)
           ~~~~~~~~~~~~~~~^^^^^^^^^^^^^^^^^^^^^^^
  File "C:\Users\Hazem\AppData\Local\Programs\Python\Python314\Lib\site-packages\sqlalchemy\engine\default.py", line 630, in connect
    return self.loaded_dbapi.connect(*cargs, **cparams)  # type: ignore[no-any-return]  # NOQA: E501
           ~~~~~~~~~~~~~~~~~~~~~~~~~^^^^^^^^^^^^^^^^^^^
  File "C:\Users\Hazem\AppData\Local\Programs\Python\Python314\Lib\site-packages\psycopg2\__init__.py", line 135, in connect
    conn = _connect(dsn, connection_factory=connection_factory, **kwasync)
UnicodeDecodeError: 'utf-8' codec can't decode byte 0xe9 in position 103: invalid continuation byte

2026-09-02 17:10:34,272 - CRITICAL - Pipeline failed: Pipeline interrompu sur l'étape load_to_postgres.py
2026-09-02 17:31:34,580 - INFO - Début d'exécution du script : scraper.py
2026-09-02 17:31:34,838 - INFO - Succès : scraper.py
2026-09-02 17:31:34,838 - INFO - Début d'exécution du script : transform.py
2026-09-02 17:31:35,511 - INFO - Succès : transform.py
2026-09-02 17:31:35,511 - INFO - Début d'exécution du script : quality_check.py
2026-09-02 17:31:36,020 - INFO - Succès : quality_check.py
2026-09-02 17:31:36,020 - INFO - Début d'exécution du script : load_to_postgres.py
2026-09-02 17:31:36,693 - ERROR - Échec dans load_to_postgres.py: Traceback (most recent call last):
  File "C:\Users\Hazem\AppData\Local\Programs\Python\Python314\Lib\site-packages\sqlalchemy\engine\base.py", line 144, in __init__
    self._dbapi_connection = engine.raw_connection()
                             ~~~~~~~~~~~~~~~~~~~~~^^
  File "C:\Users\Hazem\AppData\Local\Programs\Python\Python314\Lib\site-packages\sqlalchemy\engine\base.py", line 3319, in raw_connection
    return self.pool.connect()
           ~~~~~~~~~~~~~~~~~^^
  File "C:\Users\Hazem\AppData\Local\Programs\Python\Python314\Lib\site-packages\sqlalchemy\pool\base.py", line 448, in connect
    return _ConnectionFairy._checkout(self)
           ~~~~~~~~~~~~~~~~~~~~~~~~~~^^^^^^
  File "C:\Users\Hazem\AppData\Local\Programs\Python\Python314\Lib\site-packages\sqlalchemy\pool\base.py", line 1272, in _checkout
    fairy = _ConnectionRecord.checkout(pool)
  File "C:\Users\Hazem\AppData\Local\Programs\Python\Python314\Lib\site-packages\sqlalchemy\pool\base.py", line 712, in checkout
    rec = pool._do_get()
  File "C:\Users\Hazem\AppData\Local\Programs\Python\Python314\Lib\site-packages\sqlalchemy\pool\impl.py", line 178, in _do_get
    with util.safe_reraise():
         ~~~~~~~~~~~~~~~~~^^
  File "C:\Users\Hazem\AppData\Local\Programs\Python\Python314\Lib\site-packages\sqlalchemy\util\langhelpers.py", line 122, in __exit__
    raise exc_value.with_traceback(exc_tb)
  File "C:\Users\Hazem\AppData\Local\Programs\Python\Python314\Lib\site-packages\sqlalchemy\pool\impl.py", line 176, in _do_get
    return self._create_connection()
           ~~~~~~~~~~~~~~~~~~~~~~~^^
  File "C:\Users\Hazem\AppData\Local\Programs\Python\Python314\Lib\site-packages\sqlalchemy\pool\base.py", line 389, in _create_connection
    return _ConnectionRecord(self)
  File "C:\Users\Hazem\AppData\Local\Programs\Python\Python314\Lib\site-packages\sqlalchemy\pool\base.py", line 674, in __init__
    self.__connect()
    ~~~~~~~~~~~~~~^^
  File "C:\Users\Hazem\AppData\Local\Programs\Python\Python314\Lib\site-packages\sqlalchemy\pool\base.py", line 900, in __connect
    with util.safe_reraise():
         ~~~~~~~~~~~~~~~~~^^
  File "C:\Users\Hazem\AppData\Local\Programs\Python\Python314\Lib\site-packages\sqlalchemy\util\langhelpers.py", line 122, in __exit__
    raise exc_value.with_traceback(exc_tb)
  File "C:\Users\Hazem\AppData\Local\Programs\Python\Python314\Lib\site-packages\sqlalchemy\pool\base.py", line 896, in __connect
    self.dbapi_connection = connection = pool._invoke_creator(self)
                                         ~~~~~~~~~~~~~~~~~~~~^^^^^^
  File "C:\Users\Hazem\AppData\Local\Programs\Python\Python314\Lib\site-packages\sqlalchemy\engine\create.py", line 667, in connect
    return dialect.connect(*cargs_tup, **cparams)
           ~~~~~~~~~~~~~~~^^^^^^^^^^^^^^^^^^^^^^^
  File "C:\Users\Hazem\AppData\Local\Programs\Python\Python314\Lib\site-packages\sqlalchemy\engine\default.py", line 630, in connect
    return self.loaded_dbapi.connect(*cargs, **cparams)  # type: ignore[no-any-return]  # NOQA: E501
           ~~~~~~~~~~~~~~~~~~~~~~~~~^^^^^^^^^^^^^^^^^^^
  File "C:\Users\Hazem\AppData\Local\Programs\Python\Python314\Lib\site-packages\psycopg2\__init__.py", line 134, in connect
    dsn = _ext.make_dsn(dsn, **kwargs)
  File "C:\Users\Hazem\AppData\Local\Programs\Python\Python314\Lib\site-packages\psycopg2\extensions.py", line 167, in make_dsn
    parse_dsn(dsn)
    ~~~~~~~~~^^^^^
psycopg2.ProgrammingError: invalid dsn: invalid connection option "schema"


The above exception was the direct cause of the following exception:

Traceback (most recent call last):
  File "C:\Users\Hazem\Desktop\football_analytics_project\scripts\load_to_postgres.py", line 176, in <module>
    init_db_schema()
    ~~~~~~~~~~~~~~^^
  File "C:\Users\Hazem\Desktop\football_analytics_project\scripts\load_to_postgres.py", line 90, in init_db_schema
    with engine.begin() as conn:
         ~~~~~~~~~~~~^^
  File "C:\Users\Hazem\AppData\Local\Programs\Python\Python314\Lib\contextlib.py", line 141, in __enter__
    return next(self.gen)
  File "C:\Users\Hazem\AppData\Local\Programs\Python\Python314\Lib\site-packages\sqlalchemy\engine\base.py", line 3259, in begin
    with self.connect() as conn:
         ~~~~~~~~~~~~^^
  File "C:\Users\Hazem\AppData\Local\Programs\Python\Python314\Lib\site-packages\sqlalchemy\engine\base.py", line 3295, in connect
    return self._connection_cls(self)
           ~~~~~~~~~~~~~~~~~~~~^^^^^^
  File "C:\Users\Hazem\AppData\Local\Programs\Python\Python314\Lib\site-packages\sqlalchemy\engine\base.py", line 146, in __init__
    Connection._handle_dbapi_exception_noconnection(
    ~~~~~~~~~~~~~~~~~~~~~~~~~~~~~~~~~~~~~~~~~~~~~~~^
        err, dialect, engine
        ^^^^^^^^^^^^^^^^^^^^
    )
    ^
  File "C:\Users\Hazem\AppData\Local\Programs\Python\Python314\Lib\site-packages\sqlalchemy\engine\base.py", line 2450, in _handle_dbapi_exception_noconnection
    raise sqlalchemy_exception.with_traceback(exc_info[2]) from e
  File "C:\Users\Hazem\AppData\Local\Programs\Python\Python314\Lib\site-packages\sqlalchemy\engine\base.py", line 144, in __init__
    self._dbapi_connection = engine.raw_connection()
                             ~~~~~~~~~~~~~~~~~~~~~^^
  File "C:\Users\Hazem\AppData\Local\Programs\Python\Python314\Lib\site-packages\sqlalchemy\engine\base.py", line 3319, in raw_connection
    return self.pool.connect()
           ~~~~~~~~~~~~~~~~~^^
  File "C:\Users\Hazem\AppData\Local\Programs\Python\Python314\Lib\site-packages\sqlalchemy\pool\base.py", line 448, in connect
    return _ConnectionFairy._checkout(self)
           ~~~~~~~~~~~~~~~~~~~~~~~~~~^^^^^^
  File "C:\Users\Hazem\AppData\Local\Programs\Python\Python314\Lib\site-packages\sqlalchemy\pool\base.py", line 1272, in _checkout
    fairy = _ConnectionRecord.checkout(pool)
  File "C:\Users\Hazem\AppData\Local\Programs\Python\Python314\Lib\site-packages\sqlalchemy\pool\base.py", line 712, in checkout
    rec = pool._do_get()
  File "C:\Users\Hazem\AppData\Local\Programs\Python\Python314\Lib\site-packages\sqlalchemy\pool\impl.py", line 178, in _do_get
    with util.safe_reraise():
         ~~~~~~~~~~~~~~~~~^^
  File "C:\Users\Hazem\AppData\Local\Programs\Python\Python314\Lib\site-packages\sqlalchemy\util\langhelpers.py", line 122, in __exit__
    raise exc_value.with_traceback(exc_tb)
  File "C:\Users\Hazem\AppData\Local\Programs\Python\Python314\Lib\site-packages\sqlalchemy\pool\impl.py", line 176, in _do_get
    return self._create_connection()
           ~~~~~~~~~~~~~~~~~~~~~~~^^
  File "C:\Users\Hazem\AppData\Local\Programs\Python\Python314\Lib\site-packages\sqlalchemy\pool\base.py", line 389, in _create_connection
    return _ConnectionRecord(self)
  File "C:\Users\Hazem\AppData\Local\Programs\Python\Python314\Lib\site-packages\sqlalchemy\pool\base.py", line 674, in __init__
    self.__connect()
    ~~~~~~~~~~~~~~^^
  File "C:\Users\Hazem\AppData\Local\Programs\Python\Python314\Lib\site-packages\sqlalchemy\pool\base.py", line 900, in __connect
    with util.safe_reraise():
         ~~~~~~~~~~~~~~~~~^^
  File "C:\Users\Hazem\AppData\Local\Programs\Python\Python314\Lib\site-packages\sqlalchemy\util\langhelpers.py", line 122, in __exit__
    raise exc_value.with_traceback(exc_tb)
  File "C:\Users\Hazem\AppData\Local\Programs\Python\Python314\Lib\site-packages\sqlalchemy\pool\base.py", line 896, in __connect
    self.dbapi_connection = connection = pool._invoke_creator(self)
                                         ~~~~~~~~~~~~~~~~~~~~^^^^^^
  File "C:\Users\Hazem\AppData\Local\Programs\Python\Python314\Lib\site-packages\sqlalchemy\engine\create.py", line 667, in connect
    return dialect.connect(*cargs_tup, **cparams)
           ~~~~~~~~~~~~~~~^^^^^^^^^^^^^^^^^^^^^^^
  File "C:\Users\Hazem\AppData\Local\Programs\Python\Python314\Lib\site-packages\sqlalchemy\engine\default.py", line 630, in connect
    return self.loaded_dbapi.connect(*cargs, **cparams)  # type: ignore[no-any-return]  # NOQA: E501
           ~~~~~~~~~~~~~~~~~~~~~~~~~^^^^^^^^^^^^^^^^^^^
  File "C:\Users\Hazem\AppData\Local\Programs\Python\Python314\Lib\site-packages\psycopg2\__init__.py", line 134, in connect
    dsn = _ext.make_dsn(dsn, **kwargs)
  File "C:\Users\Hazem\AppData\Local\Programs\Python\Python314\Lib\site-packages\psycopg2\extensions.py", line 167, in make_dsn
    parse_dsn(dsn)
    ~~~~~~~~~^^^^^
sqlalchemy.exc.ProgrammingError: (psycopg2.ProgrammingError) invalid dsn: invalid connection option "schema"

(Background on this error at: https://sqlalche.me/e/20/f405)

2026-09-02 17:31:36,694 - CRITICAL - Pipeline failed: Pipeline interrompu sur l'étape load_to_postgres.py
2026-09-02 17:33:14,548 - INFO - Début d'exécution du script : scraper.py
2026-09-02 17:33:14,784 - INFO - Succès : scraper.py
2026-09-02 17:33:14,784 - INFO - Début d'exécution du script : transform.py
2026-09-02 17:33:15,453 - INFO - Succès : transform.py
2026-09-02 17:33:15,453 - INFO - Début d'exécution du script : quality_check.py
2026-09-02 17:33:15,939 - INFO - Succès : quality_check.py
2026-09-02 17:33:15,939 - INFO - Début d'exécution du script : load_to_postgres.py
2026-09-02 17:33:16,597 - ERROR - Échec dans load_to_postgres.py: Traceback (most recent call last):
  File "C:\Users\Hazem\AppData\Local\Programs\Python\Python314\Lib\site-packages\sqlalchemy\engine\base.py", line 144, in __init__
    self._dbapi_connection = engine.raw_connection()
                             ~~~~~~~~~~~~~~~~~~~~~^^
  File "C:\Users\Hazem\AppData\Local\Programs\Python\Python314\Lib\site-packages\sqlalchemy\engine\base.py", line 3319, in raw_connection
    return self.pool.connect()
           ~~~~~~~~~~~~~~~~~^^
  File "C:\Users\Hazem\AppData\Local\Programs\Python\Python314\Lib\site-packages\sqlalchemy\pool\base.py", line 448, in connect
    return _ConnectionFairy._checkout(self)
           ~~~~~~~~~~~~~~~~~~~~~~~~~~^^^^^^
  File "C:\Users\Hazem\AppData\Local\Programs\Python\Python314\Lib\site-packages\sqlalchemy\pool\base.py", line 1272, in _checkout
    fairy = _ConnectionRecord.checkout(pool)
  File "C:\Users\Hazem\AppData\Local\Programs\Python\Python314\Lib\site-packages\sqlalchemy\pool\base.py", line 712, in checkout
    rec = pool._do_get()
  File "C:\Users\Hazem\AppData\Local\Programs\Python\Python314\Lib\site-packages\sqlalchemy\pool\impl.py", line 178, in _do_get
    with util.safe_reraise():
         ~~~~~~~~~~~~~~~~~^^
  File "C:\Users\Hazem\AppData\Local\Programs\Python\Python314\Lib\site-packages\sqlalchemy\util\langhelpers.py", line 122, in __exit__
    raise exc_value.with_traceback(exc_tb)
  File "C:\Users\Hazem\AppData\Local\Programs\Python\Python314\Lib\site-packages\sqlalchemy\pool\impl.py", line 176, in _do_get
    return self._create_connection()
           ~~~~~~~~~~~~~~~~~~~~~~~^^
  File "C:\Users\Hazem\AppData\Local\Programs\Python\Python314\Lib\site-packages\sqlalchemy\pool\base.py", line 389, in _create_connection
    return _ConnectionRecord(self)
  File "C:\Users\Hazem\AppData\Local\Programs\Python\Python314\Lib\site-packages\sqlalchemy\pool\base.py", line 674, in __init__
    self.__connect()
    ~~~~~~~~~~~~~~^^
  File "C:\Users\Hazem\AppData\Local\Programs\Python\Python314\Lib\site-packages\sqlalchemy\pool\base.py", line 900, in __connect
    with util.safe_reraise():
         ~~~~~~~~~~~~~~~~~^^
  File "C:\Users\Hazem\AppData\Local\Programs\Python\Python314\Lib\site-packages\sqlalchemy\util\langhelpers.py", line 122, in __exit__
    raise exc_value.with_traceback(exc_tb)
  File "C:\Users\Hazem\AppData\Local\Programs\Python\Python314\Lib\site-packages\sqlalchemy\pool\base.py", line 896, in __connect
    self.dbapi_connection = connection = pool._invoke_creator(self)
                                         ~~~~~~~~~~~~~~~~~~~~^^^^^^
  File "C:\Users\Hazem\AppData\Local\Programs\Python\Python314\Lib\site-packages\sqlalchemy\engine\create.py", line 667, in connect
    return dialect.connect(*cargs_tup, **cparams)
           ~~~~~~~~~~~~~~~^^^^^^^^^^^^^^^^^^^^^^^
  File "C:\Users\Hazem\AppData\Local\Programs\Python\Python314\Lib\site-packages\sqlalchemy\engine\default.py", line 630, in connect
    return self.loaded_dbapi.connect(*cargs, **cparams)  # type: ignore[no-any-return]  # NOQA: E501
           ~~~~~~~~~~~~~~~~~~~~~~~~~^^^^^^^^^^^^^^^^^^^
  File "C:\Users\Hazem\AppData\Local\Programs\Python\Python314\Lib\site-packages\psycopg2\__init__.py", line 134, in connect
    dsn = _ext.make_dsn(dsn, **kwargs)
  File "C:\Users\Hazem\AppData\Local\Programs\Python\Python314\Lib\site-packages\psycopg2\extensions.py", line 167, in make_dsn
    parse_dsn(dsn)
    ~~~~~~~~~^^^^^
psycopg2.ProgrammingError: invalid dsn: invalid connection option "schema"


The above exception was the direct cause of the following exception:

Traceback (most recent call last):
  File "C:\Users\Hazem\Desktop\football_analytics_project\scripts\load_to_postgres.py", line 176, in <module>
    init_db_schema()
    ~~~~~~~~~~~~~~^^
  File "C:\Users\Hazem\Desktop\football_analytics_project\scripts\load_to_postgres.py", line 90, in init_db_schema
    with engine.begin() as conn:
         ~~~~~~~~~~~~^^
  File "C:\Users\Hazem\AppData\Local\Programs\Python\Python314\Lib\contextlib.py", line 141, in __enter__
    return next(self.gen)
  File "C:\Users\Hazem\AppData\Local\Programs\Python\Python314\Lib\site-packages\sqlalchemy\engine\base.py", line 3259, in begin
    with self.connect() as conn:
         ~~~~~~~~~~~~^^
  File "C:\Users\Hazem\AppData\Local\Programs\Python\Python314\Lib\site-packages\sqlalchemy\engine\base.py", line 3295, in connect
    return self._connection_cls(self)
           ~~~~~~~~~~~~~~~~~~~~^^^^^^
  File "C:\Users\Hazem\AppData\Local\Programs\Python\Python314\Lib\site-packages\sqlalchemy\engine\base.py", line 146, in __init__
    Connection._handle_dbapi_exception_noconnection(
    ~~~~~~~~~~~~~~~~~~~~~~~~~~~~~~~~~~~~~~~~~~~~~~~^
        err, dialect, engine
        ^^^^^^^^^^^^^^^^^^^^
    )
    ^
  File "C:\Users\Hazem\AppData\Local\Programs\Python\Python314\Lib\site-packages\sqlalchemy\engine\base.py", line 2450, in _handle_dbapi_exception_noconnection
    raise sqlalchemy_exception.with_traceback(exc_info[2]) from e
  File "C:\Users\Hazem\AppData\Local\Programs\Python\Python314\Lib\site-packages\sqlalchemy\engine\base.py", line 144, in __init__
    self._dbapi_connection = engine.raw_connection()
                             ~~~~~~~~~~~~~~~~~~~~~^^
  File "C:\Users\Hazem\AppData\Local\Programs\Python\Python314\Lib\site-packages\sqlalchemy\engine\base.py", line 3319, in raw_connection
    return self.pool.connect()
           ~~~~~~~~~~~~~~~~~^^
  File "C:\Users\Hazem\AppData\Local\Programs\Python\Python314\Lib\site-packages\sqlalchemy\pool\base.py", line 448, in connect
    return _ConnectionFairy._checkout(self)
           ~~~~~~~~~~~~~~~~~~~~~~~~~~^^^^^^
  File "C:\Users\Hazem\AppData\Local\Programs\Python\Python314\Lib\site-packages\sqlalchemy\pool\base.py", line 1272, in _checkout
    fairy = _ConnectionRecord.checkout(pool)
  File "C:\Users\Hazem\AppData\Local\Programs\Python\Python314\Lib\site-packages\sqlalchemy\pool\base.py", line 712, in checkout
    rec = pool._do_get()
  File "C:\Users\Hazem\AppData\Local\Programs\Python\Python314\Lib\site-packages\sqlalchemy\pool\impl.py", line 178, in _do_get
    with util.safe_reraise():
         ~~~~~~~~~~~~~~~~~^^
  File "C:\Users\Hazem\AppData\Local\Programs\Python\Python314\Lib\site-packages\sqlalchemy\util\langhelpers.py", line 122, in __exit__
    raise exc_value.with_traceback(exc_tb)
  File "C:\Users\Hazem\AppData\Local\Programs\Python\Python314\Lib\site-packages\sqlalchemy\pool\impl.py", line 176, in _do_get
    return self._create_connection()
           ~~~~~~~~~~~~~~~~~~~~~~~^^
  File "C:\Users\Hazem\AppData\Local\Programs\Python\Python314\Lib\site-packages\sqlalchemy\pool\base.py", line 389, in _create_connection
    return _ConnectionRecord(self)
  File "C:\Users\Hazem\AppData\Local\Programs\Python\Python314\Lib\site-packages\sqlalchemy\pool\base.py", line 674, in __init__
    self.__connect()
    ~~~~~~~~~~~~~~^^
  File "C:\Users\Hazem\AppData\Local\Programs\Python\Python314\Lib\site-packages\sqlalchemy\pool\base.py", line 900, in __connect
    with util.safe_reraise():
         ~~~~~~~~~~~~~~~~~^^
  File "C:\Users\Hazem\AppData\Local\Programs\Python\Python314\Lib\site-packages\sqlalchemy\util\langhelpers.py", line 122, in __exit__
    raise exc_value.with_traceback(exc_tb)
  File "C:\Users\Hazem\AppData\Local\Programs\Python\Python314\Lib\site-packages\sqlalchemy\pool\base.py", line 896, in __connect
    self.dbapi_connection = connection = pool._invoke_creator(self)
                                         ~~~~~~~~~~~~~~~~~~~~^^^^^^
  File "C:\Users\Hazem\AppData\Local\Programs\Python\Python314\Lib\site-packages\sqlalchemy\engine\create.py", line 667, in connect
    return dialect.connect(*cargs_tup, **cparams)
           ~~~~~~~~~~~~~~~^^^^^^^^^^^^^^^^^^^^^^^
  File "C:\Users\Hazem\AppData\Local\Programs\Python\Python314\Lib\site-packages\sqlalchemy\engine\default.py", line 630, in connect
    return self.loaded_dbapi.connect(*cargs, **cparams)  # type: ignore[no-any-return]  # NOQA: E501
           ~~~~~~~~~~~~~~~~~~~~~~~~~^^^^^^^^^^^^^^^^^^^
  File "C:\Users\Hazem\AppData\Local\Programs\Python\Python314\Lib\site-packages\psycopg2\__init__.py", line 134, in connect
    dsn = _ext.make_dsn(dsn, **kwargs)
  File "C:\Users\Hazem\AppData\Local\Programs\Python\Python314\Lib\site-packages\psycopg2\extensions.py", line 167, in make_dsn
    parse_dsn(dsn)
    ~~~~~~~~~^^^^^
sqlalchemy.exc.ProgrammingError: (psycopg2.ProgrammingError) invalid dsn: invalid connection option "schema"

(Background on this error at: https://sqlalche.me/e/20/f405)

2026-09-02 17:33:16,598 - CRITICAL - Pipeline failed: Pipeline interrompu sur l'étape load_to_postgres.py
2026-09-02 17:34:17,020 - INFO - Début d'exécution du script : scraper.py
2026-09-02 17:34:17,229 - INFO - Succès : scraper.py
2026-09-02 17:34:17,230 - INFO - Début d'exécution du script : transform.py
2026-09-02 17:34:17,784 - INFO - Succès : transform.py
2026-09-02 17:34:17,784 - INFO - Début d'exécution du script : quality_check.py
2026-09-02 17:34:18,302 - INFO - Succès : quality_check.py
2026-09-02 17:34:18,302 - INFO - Début d'exécution du script : load_to_postgres.py
2026-09-02 17:34:19,131 - INFO - Succès : load_to_postgres.py
2026-09-02 17:34:19,131 - INFO - Début d'exécution du script : build_player_similarities.py
2026-09-02 17:34:29,366 - ERROR - Échec dans build_player_similarities.py: Traceback (most recent call last):
  File "C:\Users\Hazem\AppData\Local\Programs\Python\Python314\Lib\site-packages\sqlalchemy\engine\base.py", line 1417, in execute
    meth = statement._execute_on_connection
           ^^^^^^^^^^^^^^^^^^^^^^^^^^^^^^^^
AttributeError: 'str' object has no attribute '_execute_on_connection'

The above exception was the direct cause of the following exception:

Traceback (most recent call last):
  File "C:\Users\Hazem\Desktop\football_analytics_project\scripts\build_player_similarities.py", line 109, in <module>
    build_similarity_matrix()
    ~~~~~~~~~~~~~~~~~~~~~~~^^
  File "C:\Users\Hazem\Desktop\football_analytics_project\scripts\build_player_similarities.py", line 102, in build_similarity_matrix
    conn.execute("TRUNCATE TABLE player_similarities;")
    ~~~~~~~~~~~~^^^^^^^^^^^^^^^^^^^^^^^^^^^^^^^^^^^^^^^
  File "C:\Users\Hazem\AppData\Local\Programs\Python\Python314\Lib\site-packages\sqlalchemy\engine\base.py", line 1419, in execute
    raise exc.ObjectNotExecutableError(statement) from err
sqlalchemy.exc.ObjectNotExecutableError: Not an executable object: 'TRUNCATE TABLE player_similarities;'

2026-09-02 17:34:29,366 - CRITICAL - Pipeline failed: Pipeline interrompu sur l'étape build_player_similarities.py
2026-09-02 17:35:56,522 - INFO - Début d'exécution du script : scraper.py
2026-09-02 17:35:56,756 - INFO - Succès : scraper.py
2026-09-02 17:35:56,756 - INFO - Début d'exécution du script : transform.py
2026-09-02 17:35:57,238 - INFO - Succès : transform.py
2026-09-02 17:35:57,239 - INFO - Début d'exécution du script : quality_check.py
2026-09-02 17:35:57,724 - INFO - Succès : quality_check.py
2026-09-02 17:35:57,724 - INFO - Début d'exécution du script : load_to_postgres.py
2026-09-02 17:35:58,364 - INFO - Succès : load_to_postgres.py
2026-09-02 17:35:58,364 - INFO - Début d'exécution du script : build_player_similarities.py
2026-09-02 17:35:59,846 - ERROR - Échec dans build_player_similarities.py: Traceback (most recent call last):
  File "C:\Users\Hazem\AppData\Local\Programs\Python\Python314\Lib\site-packages\sqlalchemy\engine\base.py", line 1938, in _exec_single_context
    self.dialect.do_executemany(
    ~~~~~~~~~~~~~~~~~~~~~~~~~~~^
        cursor,
        ^^^^^^^
    ...<2 lines>...
        context,
        ^^^^^^^^
    )
    ^
  File "C:\Users\Hazem\AppData\Local\Programs\Python\Python314\Lib\site-packages\sqlalchemy\engine\default.py", line 949, in do_executemany
    cursor.executemany(statement, parameters)
    ~~~~~~~~~~~~~~~~~~^^^^^^^^^^^^^^^^^^^^^^^
sqlite3.IntegrityError: UNIQUE constraint failed: player_similarities.player_id, player_similarities.rank_order

The above exception was the direct cause of the following exception:

Traceback (most recent call last):
  File "C:\Users\Hazem\AppData\Local\Programs\Python\Python314\Lib\site-packages\pandas\io\sql.py", line 1679, in execute
    return execute_function(sql, *args)
  File "C:\Users\Hazem\AppData\Local\Programs\Python\Python314\Lib\site-packages\sqlalchemy\engine\base.py", line 1421, in execute
    return meth(
        self,
        distilled_parameters,
        execution_options or NO_OPTIONS,
    )
  File "C:\Users\Hazem\AppData\Local\Programs\Python\Python314\Lib\site-packages\sqlalchemy\sql\elements.py", line 526, in _execute_on_connection
    return connection._execute_clauseelement(
           ~~~~~~~~~~~~~~~~~~~~~~~~~~~~~~~~~^
        self, distilled_params, execution_options
        ^^^^^^^^^^^^^^^^^^^^^^^^^^^^^^^^^^^^^^^^^
    )
    ^
  File "C:\Users\Hazem\AppData\Local\Programs\Python\Python314\Lib\site-packages\sqlalchemy\engine\base.py", line 1643, in _execute_clauseelement
    ret = self._execute_context(
        dialect,
    ...<8 lines>...
        cache_hit=cache_hit,
    )
  File "C:\Users\Hazem\AppData\Local\Programs\Python\Python314\Lib\site-packages\sqlalchemy\engine\base.py", line 1848, in _execute_context
    return self._exec_single_context(
           ~~~~~~~~~~~~~~~~~~~~~~~~~^
        dialect, context, statement, parameters
        ^^^^^^^^^^^^^^^^^^^^^^^^^^^^^^^^^^^^^^^
    )
    ^
  File "C:\Users\Hazem\AppData\Local\Programs\Python\Python314\Lib\site-packages\sqlalchemy\engine\base.py", line 1988, in _exec_single_context
    self._handle_dbapi_exception(
    ~~~~~~~~~~~~~~~~~~~~~~~~~~~~^
        e, str_statement, effective_parameters, cursor, context
        ^^^^^^^^^^^^^^^^^^^^^^^^^^^^^^^^^^^^^^^^^^^^^^^^^^^^^^^
    )
    ^
  File "C:\Users\Hazem\AppData\Local\Programs\Python\Python314\Lib\site-packages\sqlalchemy\engine\base.py", line 2365, in _handle_dbapi_exception
    raise sqlalchemy_exception.with_traceback(exc_info[2]) from e
  File "C:\Users\Hazem\AppData\Local\Programs\Python\Python314\Lib\site-packages\sqlalchemy\engine\base.py", line 1938, in _exec_single_context
    self.dialect.do_executemany(
    ~~~~~~~~~~~~~~~~~~~~~~~~~~~^
        cursor,
        ^^^^^^^
    ...<2 lines>...
        context,
        ^^^^^^^^
    )
    ^
  File "C:\Users\Hazem\AppData\Local\Programs\Python\Python314\Lib\site-packages\sqlalchemy\engine\default.py", line 949, in do_executemany
    cursor.executemany(statement, parameters)
    ~~~~~~~~~~~~~~~~~~^^^^^^^^^^^^^^^^^^^^^^^
sqlalchemy.exc.IntegrityError: (sqlite3.IntegrityError) UNIQUE constraint failed: player_similarities.player_id, player_similarities.rank_order
[SQL: INSERT INTO player_similarities (player_id, similar_player_id, rank_order, similarity_score) VALUES (?, ?, ?, ?)]
[parameters: [(17, 573, 1, 0.9547), (17, 186, 2, 0.9352), (17, 761, 3, 0.89), (17, 663, 4, 0.8816), (17, 521, 5, 0.8786), (37, 240, 1, 0.925), (37, 99, 2, 0.9245), (37, 39, 3, 0.8661)  ... displaying 10 of 1385 total bound parameter sets ...  (1163, 508, 4, 0.7915), (1163, 644, 5, 0.7861)]]
(Background on this error at: https://sqlalche.me/e/20/gkpj)

The above exception was the direct cause of the following exception:

Traceback (most recent call last):
  File "C:\Users\Hazem\Desktop\football_analytics_project\scripts\build_player_similarities.py", line 92, in <module>
    calculate_and_load_similarities()
    ~~~~~~~~~~~~~~~~~~~~~~~~~~~~~~~^^
  File "C:\Users\Hazem\Desktop\football_analytics_project\scripts\build_player_similarities.py", line 86, in calculate_and_load_similarities
    df_sim.to_sql("player_similarities", conn, if_exists="append", index=False)
    ~~~~~~~~~~~~~^^^^^^^^^^^^^^^^^^^^^^^^^^^^^^^^^^^^^^^^^^^^^^^^^^^^^^^^^^^^^^
  File "C:\Users\Hazem\AppData\Local\Programs\Python\Python314\Lib\site-packages\pandas\core\generic.py", line 3052, in to_sql
    return sql.to_sql(
           ~~~~~~~~~~^
        self,
        ^^^^^
    ...<8 lines>...
        method=method,
        ^^^^^^^^^^^^^^
    )
    ^
  File "C:\Users\Hazem\AppData\Local\Programs\Python\Python314\Lib\site-packages\pandas\io\sql.py", line 841, in to_sql
    return pandas_sql.to_sql(
           ~~~~~~~~~~~~~~~~~^
        frame,
        ^^^^^^
    ...<9 lines>...
        **engine_kwargs,
        ^^^^^^^^^^^^^^^^
    )
    ^
  File "C:\Users\Hazem\AppData\Local\Programs\Python\Python314\Lib\site-packages\pandas\io\sql.py", line 2037, in to_sql
    total_inserted = sql_engine.insert_records(
        table=table,
    ...<7 lines>...
        **engine_kwargs,
    )
  File "C:\Users\Hazem\AppData\Local\Programs\Python\Python314\Lib\site-packages\pandas\io\sql.py", line 1571, in insert_records
    return table.insert(chunksize=chunksize, method=method)
           ~~~~~~~~~~~~^^^^^^^^^^^^^^^^^^^^^^^^^^^^^^^^^^^^
  File "C:\Users\Hazem\AppData\Local\Programs\Python\Python314\Lib\site-packages\pandas\io\sql.py", line 1122, in insert
    num_inserted = exec_insert(conn, keys, chunk_iter)
  File "C:\Users\Hazem\AppData\Local\Programs\Python\Python314\Lib\site-packages\pandas\io\sql.py", line 1014, in _execute_insert
    result = self.pd_sql.execute(self.table.insert(), data)
  File "C:\Users\Hazem\AppData\Local\Programs\Python\Python314\Lib\site-packages\pandas\io\sql.py", line 1681, in execute
    raise DatabaseError(f"Execution failed on sql '{sql}': {exc}") from exc
pandas.errors.DatabaseError: Execution failed on sql 'INSERT INTO player_similarities (player_id, similar_player_id, rank_order, similarity_score) VALUES (:player_id, :similar_player_id, :rank_order, :similarity_score)': (sqlite3.IntegrityError) UNIQUE constraint failed: player_similarities.player_id, player_similarities.rank_order
[SQL: INSERT INTO player_similarities (player_id, similar_player_id, rank_order, similarity_score) VALUES (?, ?, ?, ?)]
[parameters: [(17, 573, 1, 0.9547), (17, 186, 2, 0.9352), (17, 761, 3, 0.89), (17, 663, 4, 0.8816), (17, 521, 5, 0.8786), (37, 240, 1, 0.925), (37, 99, 2, 0.9245), (37, 39, 3, 0.8661)  ... displaying 10 of 1385 total bound parameter sets ...  (1163, 508, 4, 0.7915), (1163, 644, 5, 0.7861)]]
(Background on this error at: https://sqlalche.me/e/20/gkpj)

2026-09-02 17:35:59,846 - CRITICAL - Pipeline failed: Pipeline interrompu sur l'étape build_player_similarities.py
2026-09-02 17:36:50,857 - INFO - Début d'exécution du script : scraper.py
2026-09-02 17:36:51,074 - INFO - Succès : scraper.py
2026-09-02 17:36:51,074 - INFO - Début d'exécution du script : transform.py
2026-09-02 17:36:51,574 - INFO - Succès : transform.py
2026-09-02 17:36:51,575 - INFO - Début d'exécution du script : quality_check.py
2026-09-02 17:36:52,051 - INFO - Succès : quality_check.py
2026-09-02 17:36:52,051 - INFO - Début d'exécution du script : load_to_postgres.py
2026-09-02 17:36:52,736 - INFO - Succès : load_to_postgres.py
2026-09-02 17:36:52,736 - INFO - Début d'exécution du script : build_player_similarities.py
2026-09-02 17:36:54,298 - INFO - Succès : build_player_similarities.py
2026-09-02 17:36:54,298 - INFO - Pipeline completed successfully.
2026-09-02 18:01:11,520 - INFO - Début d'exécution du script : scraper.py
2026-09-02 18:01:11,800 - INFO - Succès : scraper.py
2026-09-02 18:01:11,800 - INFO - Début d'exécution du script : transform.py
2026-09-02 18:01:12,371 - INFO - Succès : transform.py
2026-09-02 18:01:12,372 - INFO - Début d'exécution du script : quality_check.py
2026-09-02 18:01:12,883 - INFO - Succès : quality_check.py
2026-09-02 18:01:12,883 - INFO - Début d'exécution du script : load_to_postgres.py
2026-09-02 18:01:13,594 - INFO - Succès : load_to_postgres.py
2026-09-02 18:01:13,594 - INFO - Début d'exécution du script : build_player_similarities.py
2026-09-02 18:01:15,151 - INFO - Succès : build_player_similarities.py
2026-09-02 18:01:15,152 - INFO - Pipeline completed successfully.
